Acl,Subnet,Direction,Rule priority,Allow or deny,Protocol,Source,Destination,Value,Description
acl-test-vpc1/singleACL,test-vpc1/singleACL,Outbound,1,Allow,TCP,"10.240.10.0/24, any port","10.240.30.0/24, ports 443-443",-,Internal. required-connections[0]: (subnet test-vpc1/subnet1)->(subnet test-vpc1/subnet3); allowed-protocols[0]
acl-test-vpc1/singleACL,test-vpc1/singleACL,Inbound,2,Allow,TCP,"10.240.30.0/24, ports 443-443","10.240.10.0/24, any port",-,Internal. response to required-connections[0]: (subnet test-vpc1/subnet1)->(subnet test-vpc1/subnet3); allowed-protocols[0]
acl-test-vpc1/singleACL,test-vpc1/singleACL,Inbound,3,Allow,TCP,"10.240.10.0/24, any port","10.240.30.0/24, ports 443-443",-,Internal. required-connections[0]: (subnet test-vpc1/subnet1)->(subnet test-vpc1/subnet3); allowed-protocols[0]
acl-test-vpc1/singleACL,test-vpc1/singleACL,Outbound,4,Allow,TCP,"10.240.30.0/24, ports 443-443","10.240.10.0/24, any port",-,Internal. response to required-connections[0]: (subnet test-vpc1/subnet1)->(subnet test-vpc1/subnet3); allowed-protocols[0]
acl-test-vpc1/singleACL,test-vpc1/singleACL,Outbound,5,Allow,TCP,"10.240.30.0/24, any port","10.240.10.0/24, ports 443-443",-,Internal. inverse of required-connections[0]: (subnet test-vpc1/subnet1)->(subnet test-vpc1/subnet3); allowed-protocols[0]
acl-test-vpc1/singleACL,test-vpc1/singleACL,Inbound,6,Allow,TCP,"10.240.10.0/24, ports 443-443","10.240.30.0/24, any port",-,Internal. response to inverse of required-connections[0]: (subnet test-vpc1/subnet1)->(subnet test-vpc1/subnet3); allowed-protocols[0]
acl-test-vpc1/singleACL,test-vpc1/singleACL,Inbound,7,Allow,TCP,"10.240.30.0/24, any port","10.240.10.0/24, ports 443-443",-,Internal. inverse of required-connections[0]: (subnet test-vpc1/subnet1)->(subnet test-vpc1/subnet3); allowed-protocols[0]
acl-test-vpc1/singleACL,test-vpc1/singleACL,Outbound,8,Allow,TCP,"10.240.10.0/24, ports 443-443","10.240.30.0/24, any port",-,Internal. response to inverse of required-connections[0]: (subnet test-vpc1/subnet1)->(subnet test-vpc1/subnet3); allowed-protocols[0]
acl-test-vpc1/singleACL,test-vpc1/singleACL,Inbound,9,Deny,ALL,Any IP,10.240.20.0/24,-,Deny all communication; subnet test-vpc1/subnet2[10.240.20.0/24] does not have required connections
acl-test-vpc1/singleACL,test-vpc1/singleACL,Outbound,10,Deny,ALL,10.240.20.0/24,Any IP,-,Deny all communication; subnet test-vpc1/subnet2[10.240.20.0/24] does not have required connections