SG,Direction,Remote type,Remote,Protocol,Protocol params,Description
test-vpc_be,Inbound,Security group,test-vpc_fe,TCP,any port,Internal. required-connections[2]: (instance test-vpc_fe)->(instance test-vpc_be); allowed-protocols[0]
test-vpc_be,Outbound,Security group,test-vpc_opa,ALL,,Internal. required-connections[3]: (instance test-vpc_be)->(instance test-vpc_opa); allowed-protocols[0]
test-vpc_fe,Inbound,Security group,test-vpc_proxy,TCP,Ports 9000-9000,Internal. required-connections[1]: (instance test-vpc_proxy)->(instance test-vpc_fe); allowed-protocols[0]
test-vpc_fe,Outbound,Security group,test-vpc_be,TCP,any port,Internal. required-connections[2]: (instance test-vpc_fe)->(instance test-vpc_be); allowed-protocols[0]
test-vpc_opa,Inbound,Security group,test-vpc_be,ALL,,Internal. required-connections[3]: (instance test-vpc_be)->(instance test-vpc_opa); allowed-protocols[0]
test-vpc_proxy,Inbound,IP address,,ALL,,External. required-connections[0]: (external public internet)->(instance test-vpc_proxy); allowed-protocols[0]
test-vpc_proxy,Outbound,Security group,test-vpc_fe,TCP,Ports 9000-9000,Internal. required-connections[1]: (instance test-vpc_proxy)->(instance test-vpc_fe); allowed-protocols[0]
