10.240.10.0/24
#,direction,action,source,source port,destination,destination port,protocol,type,code,description
1,outbound,allow,10.240.10.0/24,All,10.240.30.0/24,All,UDP,-,-,Internal. required-connections[0]: (subnet subnet1)->(subnet subnet2); allowed-protocols[0]

10.240.30.0/24
#,direction,action,source,source port,destination,destination port,protocol,type,code,description
1,inbound,allow,10.240.10.0/24,All,10.240.30.0/24,All,UDP,-,-,Internal. required-connections[0]: (subnet subnet1)->(subnet subnet2); allowed-protocols[0]
