Acl,Subnet,Direction,Rule priority,Allow or deny,Protocol,Source,Destination,Value,Description
acl-subnet1,subnet1,Outbound,1,Allow,UDP,"10.240.10.0/24, any port","10.240.30.0/24, any port",-,Internal. required-connections[0]: (subnet subnet1)->(subnet subnet2); allowed-protocols[0]
acl-subnet2,subnet2,Inbound,1,Allow,UDP,"10.240.10.0/24, any port","10.240.30.0/24, any port",-,Internal. required-connections[0]: (subnet subnet1)->(subnet subnet2); allowed-protocols[0]
