Acl,Subnet,Direction,Rule priority,Allow or deny,Protocol,Source,Destination,Value,Description
acl-subnet1-ky,subnet1-ky,Outbound,1,Allow,TCP,"10.240.10.0/24, any port","10.240.30.0/24, ports 443-443",-,Internal. required-connections[0]: (subnet subnet1-ky)->(subnet subnet3-ky); allowed-protocols[0]
acl-subnet1-ky,subnet1-ky,Inbound,2,Allow,TCP,"10.240.30.0/24, ports 443-443","10.240.10.0/24, any port",-,Internal. response to required-connections[0]: (subnet subnet1-ky)->(subnet subnet3-ky); allowed-protocols[0]
acl-subnet1-ky,subnet1-ky,Inbound,3,Allow,TCP,"10.240.30.0/24, any port","10.240.10.0/24, ports 443-443",-,Internal. inverse of required-connections[0]: (subnet subnet1-ky)->(subnet subnet3-ky); allowed-protocols[0]
acl-subnet1-ky,subnet1-ky,Outbound,4,Allow,TCP,"10.240.10.0/24, ports 443-443","10.240.30.0/24, any port",-,Internal. response to inverse of required-connections[0]: (subnet subnet1-ky)->(subnet subnet3-ky); allowed-protocols[0]
acl-subnet3-ky,subnet3-ky,Inbound,1,Allow,TCP,"10.240.10.0/24, any port","10.240.30.0/24, ports 443-443",-,Internal. required-connections[0]: (subnet subnet1-ky)->(subnet subnet3-ky); allowed-protocols[0]
acl-subnet3-ky,subnet3-ky,Outbound,2,Allow,TCP,"10.240.30.0/24, ports 443-443","10.240.10.0/24, any port",-,Internal. response to required-connections[0]: (subnet subnet1-ky)->(subnet subnet3-ky); allowed-protocols[0]
acl-subnet3-ky,subnet3-ky,Outbound,3,Allow,TCP,"10.240.30.0/24, any port","10.240.10.0/24, ports 443-443",-,Internal. inverse of required-connections[0]: (subnet subnet1-ky)->(subnet subnet3-ky); allowed-protocols[0]
acl-subnet3-ky,subnet3-ky,Inbound,4,Allow,TCP,"10.240.10.0/24, ports 443-443","10.240.30.0/24, any port",-,Internal. response to inverse of required-connections[0]: (subnet subnet1-ky)->(subnet subnet3-ky); allowed-protocols[0]
